// Jest Snapshot v1, https://goo.gl/fbAQLP

exports[`getMovieSubNavData it matches snapshot 1`] = `
Array [
  Object {
    "as": "/movie/123/similar",
    "href": "/movie/[id]/similar",
    "name": "Similar",
  },
  Object {
    "as": "/movie/123/recommended",
    "href": "/movie/[id]/recommended",
    "name": "Recommended",
  },
  Object {
    "as": "/movie/123/reviews",
    "href": "/movie/[id]/reviews",
    "name": "Reviews",
  },
  Object {
    "as": "/movie/123/cast-and-crew",
    "href": "/movie/[id]/cast-and-crew",
    "name": "Cast & Crew",
  },
  Object {
    "as": "/movie/123/images",
    "href": "/movie/[id]/images",
    "name": "Images",
  },
]
`;

exports[`getPersonSubNavData it matches snapshot 1`] = `
Array [
  Object {
    "as": "/person/foo/credits",
    "href": "/person/[id]/credits",
    "name": "Credits",
  },
  Object {
    "as": "/person/foo/images",
    "href": "/person/[id]/images",
    "name": "Images",
  },
]
`;

exports[`getSearchSubNavData it matches snapshot 1`] = `
Array [
  Object {
    "as": "/search?category=movie&query=bar",
    "href": "/search?category=movie&query=bar",
    "name": "Movies",
  },
  Object {
    "as": "/search?category=tv&query=bar",
    "href": "/search?category=tv&query=bar",
    "name": "TV Shows",
  },
  Object {
    "as": "/search?category=person&query=bar",
    "href": "/search?category=person&query=bar",
    "name": "People",
  },
]
`;

exports[`getShowSubNavData it matches snapshot 1`] = `
Array [
  Object {
    "as": "/show/123/similar",
    "href": "/show/[id]/similar",
    "name": "Similar",
  },
  Object {
    "as": "/show/123/recommended",
    "href": "/show/[id]/recommended",
    "name": "Recommended",
  },
  Object {
    "as": "/show/123/reviews",
    "href": "/show/[id]/reviews",
    "name": "Reviews",
  },
  Object {
    "as": "/show/123/cast-and-crew",
    "href": "/show/[id]/cast-and-crew",
    "name": "Cast & Crew",
  },
  Object {
    "as": "/show/123/images",
    "href": "/show/[id]/images",
    "name": "Images",
  },
  Object {
    "as": "/show/123/seasons",
    "href": "/show/[id]/seasons",
    "name": "Seasons",
  },
]
`;
